Traceback (most recent call last):
  File "/workspace/pytorch_GNN/eval.py", line 85, in <module>
    kl_div = kldiv(model, device, val_dataloader, 514)[0]
             ^^^^^^^^^^^^^^^^^^^^^^^^^^^^^^^^^^^^^^^^^
  File "/workspace/pytorch_GNN/src/metrics.py", line 63, in kldiv
    pred = model(data)
           ^^^^^^^^^^^
  File "/workspace/pytorch_GNN/.venv/lib/python3.12/site-packages/torch/nn/modules/module.py", line 1773, in _wrapped_call_impl
    return self._call_impl(*args, **kwargs)
           ^^^^^^^^^^^^^^^^^^^^^^^^^^^^^^^^
  File "/workspace/pytorch_GNN/.venv/lib/python3.12/site-packages/torch/nn/modules/module.py", line 1784, in _call_impl
    return forward_call(*args, **kwargs)
           ^^^^^^^^^^^^^^^^^^^^^^^^^^^^^
  File "/workspace/pytorch_GNN/src/models_md.py", line 302, in forward
    atom_feats, *_ = self.body(z, pos, batch, box=box)
                     ^^^^^^^^^^^^^^^^^^^^^^^^^^^^^^^^^
  File "/workspace/pytorch_GNN/.venv/lib/python3.12/site-packages/torch/nn/modules/module.py", line 1773, in _wrapped_call_impl
    return self._call_impl(*args, **kwargs)
           ^^^^^^^^^^^^^^^^^^^^^^^^^^^^^^^^
  File "/workspace/pytorch_GNN/.venv/lib/python3.12/site-packages/torch/nn/modules/module.py", line 1784, in _call_impl
    return forward_call(*args, **kwargs)
           ^^^^^^^^^^^^^^^^^^^^^^^^^^^^^
  File "/workspace/pytorch_GNN/src/models_raw/mdnet.py", line 241, in forward
    dx, dvec = attn(x, vec, edge_index, edge_weight, edge_attr, edge_vec)
               ^^^^^^^^^^^^^^^^^^^^^^^^^^^^^^^^^^^^^^^^^^^^^^^^^^^^^^^^^^
  File "/workspace/pytorch_GNN/.venv/lib/python3.12/site-packages/torch/nn/modules/module.py", line 1773, in _wrapped_call_impl
    return self._call_impl(*args, **kwargs)
           ^^^^^^^^^^^^^^^^^^^^^^^^^^^^^^^^
  File "/workspace/pytorch_GNN/.venv/lib/python3.12/site-packages/torch/nn/modules/module.py", line 1784, in _call_impl
    return forward_call(*args, **kwargs)
           ^^^^^^^^^^^^^^^^^^^^^^^^^^^^^
  File "/workspace/pytorch_GNN/src/models_raw/mdnet.py", line 368, in forward
    x, vec = self.propagate(
             ^^^^^^^^^^^^^^^
  File "/workspace/pytorch_GNN/src/models_raw/mdnet.py", line 405, in propagate
    x, vec = self.message(q_i, k_j, v_j, vec_j, dk, dv, r_ij, d_ij)
             ^^^^^^^^^^^^^^^^^^^^^^^^^^^^^^^^^^^^^^^^^^^^^^^^^^^^^^
  File "/workspace/pytorch_GNN/src/models_raw/mdnet.py", line 455, in message
    ).unsqueeze(3)
      ^^^^^^^^^^^^
KeyboardInterrupt
Exception in thread Thread-1 (_pin_memory_loop):
Traceback (most recent call last):
  File "/usr/lib/python3.12/threading.py", line 1073, in _bootstrap_inner
    self.run()
  File "/usr/lib/python3.12/threading.py", line 1010, in run
    self._target(*self._args, **self._kwargs)
  File "/workspace/pytorch_GNN/.venv/lib/python3.12/site-packages/torch/utils/data/_utils/pin_memory.py", line 61, in _pin_memory_loop
    do_one_step()
  File "/workspace/pytorch_GNN/.venv/lib/python3.12/site-packages/torch/utils/data/_utils/pin_memory.py", line 37, in do_one_step
    r = in_queue.get(timeout=MP_STATUS_CHECK_INTERVAL)
        ^^^^^^^^^^^^^^^^^^^^^^^^^^^^^^^^^^^^^^^^^^^^^^
  File "/usr/lib/python3.12/multiprocessing/queues.py", line 122, in get
    return _ForkingPickler.loads(res)
           ^^^^^^^^^^^^^^^^^^^^^^^^^^
  File "/workspace/pytorch_GNN/.venv/lib/python3.12/site-packages/torch/multiprocessing/reductions.py", line 541, in rebuild_storage_fd
    fd = df.detach()
         ^^^^^^^^^^^
  File "/usr/lib/python3.12/multiprocessing/resource_sharer.py", line 58, in detach
    return reduction.recv_handle(conn)
           ^^^^^^^^^^^^^^^^^^^^^^^^^^^
  File "/usr/lib/python3.12/multiprocessing/reduction.py", line 189, in recv_handle
    return recvfds(s, 1)[0]
           ^^^^^^^^^^^^^
  File "/usr/lib/python3.12/multiprocessing/reduction.py", line 157, in recvfds
